<html>
<body>
<pre>
<h1>µVision Build Log</h1>
<h2>Project:</h2>
D:\Code\Git\3D_Gesture_Reconition\Demo\CORTEX_STM32F103_Keil\RTOSDemo.Uv2
Project File Date:  12/25/2015

<h2>Output:</h2>
Build target 'Target 1'
assembling STM32F10x.s...
compiling lcd.c...
assembling cortexm3_macro_rvds.s...
compiling stm32f10x_usart.c...
compiling stm32f10x_gpio.c...
compiling stm32f10x_lib.c...
compiling stm32f10x_nvic.c...
compiling stm32f10x_rcc.c...
compiling stm32f10x_spi.c...
compiling stm32f10x_systick.c...
compiling stm32f10x_tim.c...
compiling ParTest.c...
compiling serial.c...
compiling timertest.c...
compiling main.c...
compiling spi_flash.c...
compiling semtest.c...
compiling BlockQ.c...
compiling blocktim.c...
compiling comtest.c...
compiling death.c...
compiling flash.c...
compiling integer.c...
compiling PollQ.c...
compiling tasks.c...
compiling list.c...
compiling queue.c...
compiling port.c...
compiling heap_2.c...
linking...
Program Size: Code=22202 RO-data=14530 RW-data=248 ZI-data=18152  
"..\..\Output\RTOSDemo.axf" - 0 Error(s), 0 Warning(s).
</pre>
</body>
</html>
